┌──(root㉿P5)-[/home/mkali666]
└─# picocom -b 115200 /dev/ttyUSB0
picocom v3.1

port is        : /dev/ttyUSB0
flowcontrol    : none
baudrate is    : 115200
parity is      : none
databits are   : 8
stopbits are   : 1
escape is      : C-a
local echo is  : no
noinit is      : no
noreset is     : no
hangup is      : no
nolock is      : no
send_cmd is    : sz -vv
receive_cmd is : rz -vv -E
imap is        : 
omap is        : 
emap is        : crcrlf,delbs,
logfile is     : none
initstring     : none
exit_after is  : not set
exit is        : no

Type [C-a] [C-h] to see available commands
Terminal ready
KGD IC
Xtal:1
DDR3 init.
DRAMC init done. 
Calculate size.
DRAM size=256MB
Set new TRFC.
ddr-1200

7528DRAMC V1.6 (0)
Press 'x' or 'b' key in 1 secs to enter or skip bootloader upgrade.


EN7528 at 2021年 11月 10日 星期三 23:33:21 CST version 1.1 free bootbase

Set SPI Clock to 40 Mhz
spi_nand_probe: mfr_id=0x2c, dev_id=0x24
Using Flash ECC.
Detected SPI NAND Flash : _SPI_NAND_DEVICE_ID_MT29F2G01, Flash Size=0x10000000
bmt pool size: 81 
BMT & BBT Init Success 

set switch,packet to cpu
Not found TC Phy
Not found TC Phy
Not found TC Phy
Not found TC Phy
  GE Rext AnaCal Done! (2)(0x1e)  
Press any key in 3 secs to enter boot command mode.
.....

start fh_upg_upgrade!
multi pkg detect timeout!
set switch,packet to cpu
scan ubi 0 ...
start_block 16
end_block 335
#######get boot flag#################
kernel  = 0
rootfs  = 0
app     = 0
crc     = 0x842a3990
#####################################
read kernel from ubi 0 done

#### Kernel CRC check right .
#### Jump to Kernel .
Uncompressing [LZMA] ...  done.
====kernel_boot=0
====kernel_commit=0
====rootfs_boot=0
75xx: 0x0
Initializing cgroup subsys cpuset
Initializing cgroup subsys cpu
Initializing cgroup subsys cpuacct
Linux version 3.18.21 (root@chgao-virtual-machine) (gcc version 4.6.3 (Buildroot 2015.08.1) ) #6 SMP Wed Nov 10 23:45:54 CST 2021
__l2cmem:0x8086b9e0, _l2cmem_end:0x8086b9e0, l2cmem_size:0 Bytes
memsize:240MB
EcoNet EN7528 SOC prom init
bootconsole [early0] enabled
CPU0 revision is: 0001992f (MIPS 1004Kc)
Determined physical RAM map:
 memory: 0effe000 @ 00002000 (usable)
Wasting 64 bytes for tracking 2 unused pages
MIPS: machine is econet,en751221
Zone ranges:
  Normal   [mem 0x00002000-0x0effffff]
Movable zone start for each node
Early memory node ranges
  node   0: [mem 0x00002000-0x0effffff]
Initmem setup node 0 [mem 0x00002000-0x0effffff]
Detected 3 available secondary CPU(s)
Primary instruction cache 32kB, VIPT, 4-way, linesize 32 bytes.
Primary data cache 32kB, 4-way, PIPT, no aliases, linesize 32 bytes
MIPS secondary cache 256kB, 8-way, linesize 32 bytes.
PERCPU: Embedded 9 pages/cpu @811e4000 s5952 r8192 d22720 u36864
Built 1 zonelists in Zone order, mobility grouping on.  Total pages: 60958
Kernel command line: rootfstype=squashfs ubi.mtd=1 ubi.mtd=2 ro
log_buf_len individual max cpu contribution: 4096 bytes
log_buf_len total cpu_extra contributions: 12288 bytes
log_buf_len min size: 16384 bytes
log_buf_len: 32768 bytes
early log buf free: 14112(86%)
PID hash table entries: 1024 (order: 0, 4096 bytes)
Dentry cache hash table entries: 32768 (order: 5, 131072 bytes)
Inode-cache hash table entries: 16384 (order: 4, 65536 bytes)
Writing ErrCtl register=0000443f
Readback ErrCtl register=0000443f
nmi base is 8124c200
Memory: 227160K/245752K available (8614K kernel code, 4424K rwdata, 1840K rodata, 204K init, 1030K bss, 18592K reserved)
SLUB: HWalign=64, Order=0-3, MinObjects=0, CPUs=4, Nodes=1
Hierarchical RCU implementation.
NR_IRQS:64

tc3162_time_init: Init bus timeout and watchdog
set rbus timeout as NMI then enable it
CPU frequency 900.00 MHz
plat_time_init: Entered, mips_timer_ack ptr is [80008d84]
 Using 200.000 MHz high precision timer.
r4k_clockevent_init: setup_irq OK, irq is [52]
console [ttyS0] enabled
console [ttyS0] enabled
bootconsole [early0] disabled
bootconsole [early0] disabled
Calibrating delay loop... 591.87 BogoMIPS (lpj=2959360)
pid_max: default: 32768 minimum: 301
Security Framework initialized
Mount-cache hash table entries: 1024 (order: 0, 4096 bytes)
Mountpoint-cache hash table entries: 1024 (order: 0, 4096 bytes)
Initializing cgroup subsys devices
Initializing cgroup subsys freezer
Initializing cgroup subsys debug
34K sync es set to 0.
Config7: 0x80090500
launch: starting cpu1
launch: cpu1 gone!
Primary instruction cache 32kB, VIPT, 4-way, linesize 32 bytes.
Primary data cache 32kB, 4-way, PIPT, no aliases, linesize 32 bytes
MIPS secondary cache 256kB, 8-way, linesize 32 bytes.
CPU1 revision is: 0001992f (MIPS 1004Kc)
Synchronize counters for CPU 1: done.
launch: starting cpu2
launch: cpu2 gone!
Primary instruction cache 32kB, VIPT, 4-way, linesize 32 bytes.
Primary data cache 32kB, 4-way, PIPT, no aliases, linesize 32 bytes
MIPS secondary cache 256kB, 8-way, linesize 32 bytes.
CPU2 revision is: 0001992f (MIPS 1004Kc)
Synchronize counters for CPU 2: done.
launch: starting cpu3
launch: cpu3 gone!
Primary instruction cache 32kB, VIPT, 4-way, linesize 32 bytes.
Primary data cache 32kB, 4-way, PIPT, no aliases, linesize 32 bytes
MIPS secondary cache 256kB, 8-way, linesize 32 bytes.
CPU3 revision is: 0001992f (MIPS 1004Kc)
Synchronize counters for CPU 3: done.
Brought up 4 CPUs
devtmpfs: initialized
NET: Registered protocol family 16
PCIe 7528 PHY init  
PCIe driver version: 7528.2.20190226
EN7528 pcie_init
check pcie link up status: 
isRC0_LINKUP=1 
isRC1_LINKUP=1 
registering PCI controller with io_map_base unset
Initializing Ecnt Event Netlink Socket
Initializing Econet Event Netlink Socket nl_sk = 8ed72c00
usbcore: registered new interface driver usbfs
usbcore: registered new interface driver hub
usbcore: registered new device driver usb
PCI host bridge to bus 0000:00
pci_bus 0000:00: root bus resource [mem 0x20000000-0x2fffffff]
pci_bus 0000:00: root bus resource [io  0x1f600000-0x1f61ffff]
pci_bus 0000:00: No busn resource found for root bus, will use [bus 00-ff]
pci 0000:00:00.0: bridge configuration invalid ([bus 00-00]), reconfiguring
pci 0000:00:01.0: bridge configuration invalid ([bus 00-00]), reconfiguring
pci 0000:00:00.0: BAR 8: assigned [mem 0x20000000-0x201fffff]
pci 0000:00:01.0: BAR 8: assigned [mem 0x20200000-0x203fffff]
pci 0000:01:00.0: BAR 0: assigned [mem 0x20000000-0x200fffff 64bit pref]
pci 0000:01:00.0: BAR 2: assigned [mem 0x20100000-0x20103fff 64bit pref]
pci 0000:01:00.0: BAR 4: assigned [mem 0x20104000-0x20104fff 64bit pref]
pci 0000:00:00.0: PCI bridge to [bus 01]
pci 0000:00:00.0:   bridge window [mem 0x20000000-0x201fffff]
pci 0000:02:00.0: BAR 0: assigned [mem 0x20200000-0x202fffff 64bit pref]
pci 0000:02:00.0: BAR 2: assigned [mem 0x20300000-0x20303fff 64bit pref]
pci 0000:02:00.0: BAR 4: assigned [mem 0x20304000-0x20304fff 64bit pref]
pci 0000:00:01.0: PCI bridge to [bus 02]
pci 0000:00:01.0:   bridge window [mem 0x20200000-0x203fffff]
NET: Registered protocol family 8
NET: Registered protocol family 20
Switched to clocksource MIPS
NET: Registered protocol family 2
TCP established hash table entries: 2048 (order: 1, 8192 bytes)
TCP bind hash table entries: 2048 (order: 2, 16384 bytes)
TCP: Hash tables configured (established 2048 bind 2048)
TCP: reno registered
UDP hash table entries: 256 (order: 1, 8192 bytes)
UDP-Lite hash table entries: 256 (order: 1, 8192 bytes)
NET: Registered protocol family 1

 mt7512_pcie_fixup: 0x1438 = 20000015 
 mt7512_pcie_fixup: 0x3438 = 20200015 
 mt7512_pcie_rc1_retrain: 80 = 0145dc12 80 = 01608c12
RC1 Link Traing Result: 10120008
l2c_op_range: 0x9fa41000 ~ 0x9fa4105f, op: 0x1f
l2c_lock_range for 7528 boot2: OK
TC3162 hardware watchdog module loaded.
futex hash table entries: 1024 (order: 4, 65536 bytes)
squashfs: version 4.0 (2009/01/31) Phillip Lougher
jffs2: version 2.2. (NAND) © 2001-2006 Red Hat, Inc.
fuse init (API version 7.23)
msgmni has been set to 443
io scheduler noop registered (default)
ttyS0 at I/O 0xbfbf0003 (irq = 5, base_baud = 7200) is a TC3162
FHDRV fhuart 0xff
ECNT ring buffer init success
Init UART2 and UART3, still need to trun on for using.
ttyS20 at I/O 0xbfbf0300 (irq = 4, base_baud = 7200) is a TC3162
ttyS30 at I/O 0xbfbe1000 (irq = 3, base_baud = 7200) is a TC3162
brd: module loaded

SPI Flash Init Start
Found no SPI flash device
IS_SPIFLASH=0x0, IS_NANDFLASH=0x1, (0xBFA10114)=0x6)
Set SPI Clock to 40 Mhz
spi_nand_probe: mfr_id=0x2c, dev_id=0x24
Using Flash ECC.
Detected SPI NAND Flash : _SPI_NAND_DEVICE_ID_MT29F2G01, Flash Size=0x10000000
spi nand flash
FHDRV hwcfg 0x10001003
tc3162: flash device 0x01000000 at 0x1c000000
EN7512 mtd init: spi nand probe enter
[spi_nand_setup] : Enter 
nand: device found, Manufacturer ID: 0x2c, Chip ID: 0x24
nand: Micron _SPI_NAND_DEVICE_ID_MT29F2G01
nand: 256MiB, SLC, page size: 2048, OOB size: 64
nand_scan_ident ok
[spi_nand_setup]: chip size =  0x10000000, erase_shift=0x11
bmt pool size: 81 
BMT & BBT Init Success 

parsing <2M[boot],40M[KernelA],40M[KernelB],35M[config]>
partition 3: name <config>, offset ffffffff, size 2300000, mask flags 0
partition 2: name <KernelB>, offset ffffffff, size 2800000, mask flags 0
partition 1: name <KernelA>, offset ffffffff, size 2800000, mask flags 0
partition 0: name <boot>, offset ffffffff, size 200000, mask flags 0
Creating 4 MTD partitions on "EN7512-SPI_NAND":
0x000000000000-0x000000200000 : "boot"
0x000000200000-0x000002a00000 : "KernelA"
0x000002a00000-0x000005200000 : "KernelB"
0x000005200000-0x000007500000 : "config"
Created /proc/driver/fhdrv_kdrv/bootflag.
Created /proc/driver/fhdrv_kdrv/activeflag.
PPP generic driver version 2.4.2
PPP BSD Compression module registered
PPP Deflate Compression module registered
NET: Registered protocol family 24
register rtpci
PCI: Enabling device 0000:00:00.0 (0000 -> 0002)
PCI: Enabling device 0000:01:00.0 (0000 -> 0002)
<--mt7916_hif_init()
Rx[0] Ring: total 24576 bytes allocated
Rx[1] Ring: total 16384 bytes allocated
<-- pci_alloc_tx_rx_ring_mem, Status=0
PCI: Enabling device 0000:00:01.0 (0000 -> 0002)
PCI: Enabling device 0000:02:00.0 (0000 -> 0002)


=== pAd = c0301000, size = 10970048 ===

<-- RTMPAllocAdapterBlock, Status=0
PCI CSRBaseAddress =0xc0200000, csr_addr=0xc0200000!
RTMPInitPCIeDevice():device_id=0x7915
mt7915_init()-->
Use the default iPAiLNA bin image!
<--mt7915_init()
get_wdev_by_idx: invalid idx(0)
get_wdev_by_idx: invalid idx(0)
get_wdev_by_idx: invalid idx(0)
get_wdev_by_idx: invalid idx(0)
Rx[0] Ring: total 24576 bytes allocated
Rx[1] Ring: total 24576 bytes allocated
Rx[2] Ring: total 8192 bytes allocated
Rx[3] Ring: total 16384 bytes allocated
Rx[4] Ring: total 8192 bytes allocated
<-- pci_alloc_tx_rx_ring_mem, Status=0
get_wdev_by_idx: invalid idx(0)
get_wdev_by_idx: invalid idx(0)
get_wdev_by_idx: invalid idx(0)
diag_ctrl_alloc pAd:c0301000
USB driver version: 7528.3.20190226
7528 USB PHY config, enable port0 port1
port 0 u2_slew_rate_cal_7528
FM_OUT value = 128(0x00000080)
SR calibration value = 4
port 1 u2_slew_rate_cal_7528
FM_OUT value = 129(0x00000081)
SR calibration value = 4
xhci-hcd xhci-hcd.0: xHCI Host Controller
xhci-hcd xhci-hcd.0: new USB bus registered, assigned bus number 1
xhci-hcd xhci-hcd.0: irq 10, io mem 0x1fb90000
hub 1-0:1.0: USB hub found
hub 1-0:1.0: 2 ports detected
xhci-hcd xhci-hcd.0: xHCI Host Controller
xhci-hcd xhci-hcd.0: new USB bus registered, assigned bus number 2
hub 2-0:1.0: USB hub found
hub 2-0:1.0: 1 port detected
usbcore: registered new interface driver cdc_acm
cdc_acm: USB Abstract Control Model driver for USB modems and ISDN adapters
usbcore: registered new interface driver usblp
usbcore: registered new interface driver usbserial
usbcore: registered new interface driver usbserial_generic
usbserial: USB Serial support registered for generic
usbcore: registered new interface driver cypress_m8
usbserial: USB Serial support registered for DeLorme Earthmate USB
usbserial: USB Serial support registered for HID->COM RS232 Adapter
usbserial: USB Serial support registered for Nokia CA-42 V2 Adapter
usbcore: registered new interface driver ftdi_sio
usbserial: USB Serial support registered for FTDI USB Serial Device
hidraw: raw HID events driver (C) Jiri Kosina
usbcore: registered new interface driver usbhid
usbhid: USB HID core driver

ecnt_rps_napi_init===
init fh_netlink module
Netfilter messages via NETLINK v0.30.
nf_conntrack version 0.5.0 (3549 buckets, 14196 max)
ctnetlink v0.93: registering with nfnetlink.
nf_conntrack_rtsp v0.7 loading
nf_nat_rtsp v0.7 loading
nf_tables: (c) 2007-2009 Patrick McHardy <kaber@trash.net>
nf_tables_compat: (c) 2012 Pablo Neira Ayuso <pablo@netfilter.org>
xt_time: kernel timezone is -0000
ip_set: protocol 6
ip_tables: (C) 2000-2006 Netfilter Core Team
ipt_CLUSTERIP: ClusterIP Version 0.8 loaded successfully
TCP: cubic registered
NET: Registered protocol family 10
ip6_tables: (C) 2000-2006 Netfilter Core Team
sit: IPv6 over IPv4 tunneling driver
NET: Registered protocol family 17
bridge: automatic filtering via arp/ip/ip6tables has been deprecated. Update your scripts to load br_netfilter if you need this.
Bridge firewalling registered
Ebtables v2.0 registered
l2tp_core: L2TP core driver, V2.0
l2tp_ppp: PPPoL2TP kernel driver, V2.0
8021q: 802.1Q VLAN Support v1.8
init fh_wifimgr_netlink module
UBI: attaching mtd1 to ubi0
UBI: scanning is finished
UBI warning: print_rsvd_warning: cannot reserve enough PEBs for bad PEB handling, reserved 31, need 39
UBI: attached mtd1 (name "KernelA", size 40 MiB) to ubi0
UBI: PEB size: 131072 bytes (128 KiB), LEB size: 126976 bytes
UBI: min./max. I/O unit sizes: 2048/2048, sub-page size 2048
UBI: VID header offset: 2048 (aligned 2048), data offset: 4096
UBI: good PEBs: 320, bad PEBs: 0, corrupted PEBs: 0
UBI: user volume: 5, internal volumes: 1, max. volumes count: 128
UBI: max/mean erase counter: 1/0, WL threshold: 4096, image sequence number: 1515388460
UBI: available PEBs: 0, total reserved PEBs: 320, PEBs reserved for bad PEB handling: 31
UBI: background thread "ubi_bgt0d" started, PID 45
UBI: attaching mtd2 to ubi1
UBI: scanning is finished
UBI warning: print_rsvd_warning: cannot reserve enough PEBs for bad PEB handling, reserved 31, need 39
UBI: attached mtd2 (name "KernelB", size 40 MiB) to ubi1
UBI: PEB size: 131072 bytes (128 KiB), LEB size: 126976 bytes
UBI: min./max. I/O unit sizes: 2048/2048, sub-page size 2048
UBI: VID header offset: 2048 (aligned 2048), data offset: 4096
UBI: good PEBs: 320, bad PEBs: 0, corrupted PEBs: 0
UBI: user volume: 5, internal volumes: 1, max. volumes count: 128
UBI: max/mean erase counter: 1/0, WL threshold: 4096, image sequence number: 1515388460
UBI: available PEBs: 0, total reserved PEBs: 320, PEBs reserved for bad PEB handling: 31
UBI: background thread "ubi_bgt1d" started, PID 56
tc3162ser_startup ┌──(root㉿P5)-[/home/mkali666]
└─# picocom -b 115200 /dev/ttyUSB0
picocom v3.1

port is        : /dev/ttyUSB0
flowcontrol    : none
baudrate is    : 115200
parity is      : none
databits are   : 8
stopbits are   : 1
escape is      : C-a
local echo is  : no
noinit is      : no
noreset is     : no
hangup is      : no
nolock is      : no
send_cmd is    : sz -vv
receive_cmd is : rz -vv -E
imap is        : 
omap is        : 
emap is        : crcrlf,delbs,
logfile is     : none
initstring     : none
exit_after is  : not set
exit is        : no

Type [C-a] [C-h] to see available commands
Terminal ready
KGD IC
Xtal:1
DDR3 init.
DRAMC init done. 
Calculate size.
DRAM size=256MB
Set new TRFC.
ddr-1200

7528DRAMC V1.6 (0)
Press 'x' or 'b' key in 1 secs to enter or skip bootloader upgrade.


EN7528 at 2021年 11月 10日 星期三 23:33:21 CST version 1.1 free bootbase

Set SPI Clock to 40 Mhz
spi_nand_probe: mfr_id=0x2c, dev_id=0x24
Using Flash ECC.
Detected SPI NAND Flash : _SPI_NAND_DEVICE_ID_MT29F2G01, Flash Size=0x10000000
bmt pool size: 81 
BMT & BBT Init Success 

set switch,packet to cpu
Not found TC Phy
Not found TC Phy
Not found TC Phy
Not found TC Phy
  GE Rext AnaCal Done! (2)(0x1e)  
Press any key in 3 secs to enter boot command mode.
.....

start fh_upg_upgrade!
multi pkg detect timeout!
set switch,packet to cpu
scan ubi 0 ...
start_block 16
end_block 335
#######get boot flag#################
kernel  = 0
rootfs  = 0
app     = 0
crc     = 0x842a3990
#####################################
read kernel from ubi 0 done

#### Kernel CRC check right .
#### Jump to Kernel .
Uncompressing [LZMA] ...  done.
====kernel_boot=0
====kernel_commit=0
====rootfs_boot=0
75xx: 0x0
Initializing cgroup subsys cpuset
Initializing cgroup subsys cpu
Initializing cgroup subsys cpuacct
Linux version 3.18.21 (root@chgao-virtual-machine) (gcc version 4.6.3 (Buildroot 2015.08.1) ) #6 SMP Wed Nov 10 23:45:54 CST 2021
__l2cmem:0x8086b9e0, _l2cmem_end:0x8086b9e0, l2cmem_size:0 Bytes
memsize:240MB
EcoNet EN7528 SOC prom init
bootconsole [early0] enabled
CPU0 revision is: 0001992f (MIPS 1004Kc)
Determined physical RAM map:
 memory: 0effe000 @ 00002000 (usable)
Wasting 64 bytes for tracking 2 unused pages
MIPS: machine is econet,en751221
Zone ranges:
  Normal   [mem 0x00002000-0x0effffff]
Movable zone start for each node
Early memory node ranges
  node   0: [mem 0x00002000-0x0effffff]
Initmem setup node 0 [mem 0x00002000-0x0effffff]
Detected 3 available secondary CPU(s)
Primary instruction cache 32kB, VIPT, 4-way, linesize 32 bytes.
Primary data cache 32kB, 4-way, PIPT, no aliases, linesize 32 bytes
MIPS secondary cache 256kB, 8-way, linesize 32 bytes.
PERCPU: Embedded 9 pages/cpu @811e4000 s5952 r8192 d22720 u36864
Built 1 zonelists in Zone order, mobility grouping on.  Total pages: 60958
Kernel command line: rootfstype=squashfs ubi.mtd=1 ubi.mtd=2 ro
log_buf_len individual max cpu contribution: 4096 bytes
log_buf_len total cpu_extra contributions: 12288 bytes
log_buf_len min size: 16384 bytes
log_buf_len: 32768 bytes
early log buf free: 14112(86%)
PID hash table entries: 1024 (order: 0, 4096 bytes)
Dentry cache hash table entries: 32768 (order: 5, 131072 bytes)
Inode-cache hash table entries: 16384 (order: 4, 65536 bytes)
Writing ErrCtl register=0000443f
Readback ErrCtl register=0000443f
nmi base is 8124c200
Memory: 227160K/245752K available (8614K kernel code, 4424K rwdata, 1840K rodata, 204K init, 1030K bss, 18592K reserved)
SLUB: HWalign=64, Order=0-3, MinObjects=0, CPUs=4, Nodes=1
Hierarchical RCU implementation.
NR_IRQS:64

tc3162_time_init: Init bus timeout and watchdog
set rbus timeout as NMI then enable it
CPU frequency 900.00 MHz
plat_time_init: Entered, mips_timer_ack ptr is [80008d84]
 Using 200.000 MHz high precision timer.
r4k_clockevent_init: setup_irq OK, irq is [52]
console [ttyS0] enabled
console [ttyS0] enabled
bootconsole [early0] disabled
bootconsole [early0] disabled
Calibrating delay loop... 591.87 BogoMIPS (lpj=2959360)
pid_max: default: 32768 minimum: 301
Security Framework initialized
Mount-cache hash table entries: 1024 (order: 0, 4096 bytes)
Mountpoint-cache hash table entries: 1024 (order: 0, 4096 bytes)
Initializing cgroup subsys devices
Initializing cgroup subsys freezer
Initializing cgroup subsys debug
34K sync es set to 0.
Config7: 0x80090500
launch: starting cpu1
launch: cpu1 gone!
Primary instruction cache 32kB, VIPT, 4-way, linesize 32 bytes.
Primary data cache 32kB, 4-way, PIPT, no aliases, linesize 32 bytes
MIPS secondary cache 256kB, 8-way, linesize 32 bytes.
CPU1 revision is: 0001992f (MIPS 1004Kc)
Synchronize counters for CPU 1: done.
launch: starting cpu2
launch: cpu2 gone!
Primary instruction cache 32kB, VIPT, 4-way, linesize 32 bytes.
Primary data cache 32kB, 4-way, PIPT, no aliases, linesize 32 bytes
MIPS secondary cache 256kB, 8-way, linesize 32 bytes.
CPU2 revision is: 0001992f (MIPS 1004Kc)
Synchronize counters for CPU 2: done.
launch: starting cpu3
launch: cpu3 gone!
Primary instruction cache 32kB, VIPT, 4-way, linesize 32 bytes.
Primary data cache 32kB, 4-way, PIPT, no aliases, linesize 32 bytes
MIPS secondary cache 256kB, 8-way, linesize 32 bytes.
CPU3 revision is: 0001992f (MIPS 1004Kc)
Synchronize counters for CPU 3: done.
Brought up 4 CPUs
devtmpfs: initialized
NET: Registered protocol family 16
PCIe 7528 PHY init  
PCIe driver version: 7528.2.20190226
EN7528 pcie_init
check pcie link up status: 
isRC0_LINKUP=1 
isRC1_LINKUP=1 
registering PCI controller with io_map_base unset
Initializing Ecnt Event Netlink Socket
Initializing Econet Event Netlink Socket nl_sk = 8ed72c00
usbcore: registered new interface driver usbfs
usbcore: registered new interface driver hub
usbcore: registered new device driver usb
PCI host bridge to bus 0000:00
pci_bus 0000:00: root bus resource [mem 0x20000000-0x2fffffff]
pci_bus 0000:00: root bus resource [io  0x1f600000-0x1f61ffff]
pci_bus 0000:00: No busn resource found for root bus, will use [bus 00-ff]
pci 0000:00:00.0: bridge configuration invalid ([bus 00-00]), reconfiguring
pci 0000:00:01.0: bridge configuration invalid ([bus 00-00]), reconfiguring
pci 0000:00:00.0: BAR 8: assigned [mem 0x20000000-0x201fffff]
pci 0000:00:01.0: BAR 8: assigned [mem 0x20200000-0x203fffff]
pci 0000:01:00.0: BAR 0: assigned [mem 0x20000000-0x200fffff 64bit pref]
pci 0000:01:00.0: BAR 2: assigned [mem 0x20100000-0x20103fff 64bit pref]
pci 0000:01:00.0: BAR 4: assigned [mem 0x20104000-0x20104fff 64bit pref]
pci 0000:00:00.0: PCI bridge to [bus 01]
pci 0000:00:00.0:   bridge window [mem 0x20000000-0x201fffff]
pci 0000:02:00.0: BAR 0: assigned [mem 0x20200000-0x202fffff 64bit pref]
pci 0000:02:00.0: BAR 2: assigned [mem 0x20300000-0x20303fff 64bit pref]
pci 0000:02:00.0: BAR 4: assigned [mem 0x20304000-0x20304fff 64bit pref]
pci 0000:00:01.0: PCI bridge to [bus 02]
pci 0000:00:01.0:   bridge window [mem 0x20200000-0x203fffff]
NET: Registered protocol family 8
NET: Registered protocol family 20
Switched to clocksource MIPS
NET: Registered protocol family 2
TCP established hash table entries: 2048 (order: 1, 8192 bytes)
TCP bind hash table entries: 2048 (order: 2, 16384 bytes)
TCP: Hash tables configured (established 2048 bind 2048)
TCP: reno registered
UDP hash table entries: 256 (order: 1, 8192 bytes)
UDP-Lite hash table entries: 256 (order: 1, 8192 bytes)
NET: Registered protocol family 1

 mt7512_pcie_fixup: 0x1438 = 20000015 
 mt7512_pcie_fixup: 0x3438 = 20200015 
 mt7512_pcie_rc1_retrain: 80 = 0145dc12 80 = 01608c12
RC1 Link Traing Result: 10120008
l2c_op_range: 0x9fa41000 ~ 0x9fa4105f, op: 0x1f
l2c_lock_range for 7528 boot2: OK
TC3162 hardware watchdog module loaded.
futex hash table entries: 1024 (order: 4, 65536 bytes)
squashfs: version 4.0 (2009/01/31) Phillip Lougher
jffs2: version 2.2. (NAND) © 2001-2006 Red Hat, Inc.
fuse init (API version 7.23)
msgmni has been set to 443
io scheduler noop registered (default)
ttyS0 at I/O 0xbfbf0003 (irq = 5, base_baud = 7200) is a TC3162
FHDRV fhuart 0xff
ECNT ring buffer init success
Init UART2 and UART3, still need to trun on for using.
ttyS20 at I/O 0xbfbf0300 (irq = 4, base_baud = 7200) is a TC3162
ttyS30 at I/O 0xbfbe1000 (irq = 3, base_baud = 7200) is a TC3162
brd: module loaded

SPI Flash Init Start
Found no SPI flash device
IS_SPIFLASH=0x0, IS_NANDFLASH=0x1, (0xBFA10114)=0x6)
Set SPI Clock to 40 Mhz
spi_nand_probe: mfr_id=0x2c, dev_id=0x24
Using Flash ECC.
Detected SPI NAND Flash : _SPI_NAND_DEVICE_ID_MT29F2G01, Flash Size=0x10000000
spi nand flash
FHDRV hwcfg 0x10001003
tc3162: flash device 0x01000000 at 0x1c000000
EN7512 mtd init: spi nand probe enter
[spi_nand_setup] : Enter 
nand: device found, Manufacturer ID: 0x2c, Chip ID: 0x24
nand: Micron _SPI_NAND_DEVICE_ID_MT29F2G01
nand: 256MiB, SLC, page size: 2048, OOB size: 64
nand_scan_ident ok
[spi_nand_setup]: chip size =  0x10000000, erase_shift=0x11
bmt pool size: 81 
BMT & BBT Init Success 

parsing <2M[boot],40M[KernelA],40M[KernelB],35M[config]>
partition 3: name <config>, offset ffffffff, size 2300000, mask flags 0
partition 2: name <KernelB>, offset ffffffff, size 2800000, mask flags 0
partition 1: name <KernelA>, offset ffffffff, size 2800000, mask flags 0
partition 0: name <boot>, offset ffffffff, size 200000, mask flags 0
Creating 4 MTD partitions on "EN7512-SPI_NAND":
0x000000000000-0x000000200000 : "boot"
0x000000200000-0x000002a00000 : "KernelA"
0x000002a00000-0x000005200000 : "KernelB"
0x000005200000-0x000007500000 : "config"
Created /proc/driver/fhdrv_kdrv/bootflag.
Created /proc/driver/fhdrv_kdrv/activeflag.
PPP generic driver version 2.4.2
PPP BSD Compression module registered
PPP Deflate Compression module registered
NET: Registered protocol family 24
register rtpci
PCI: Enabling device 0000:00:00.0 (0000 -> 0002)
PCI: Enabling device 0000:01:00.0 (0000 -> 0002)
<--mt7916_hif_init()
Rx[0] Ring: total 24576 bytes allocated
Rx[1] Ring: total 16384 bytes allocated
<-- pci_alloc_tx_rx_ring_mem, Status=0
PCI: Enabling device 0000:00:01.0 (0000 -> 0002)
PCI: Enabling device 0000:02:00.0 (0000 -> 0002)


=== pAd = c0301000, size = 10970048 ===

<-- RTMPAllocAdapterBlock, Status=0
PCI CSRBaseAddress =0xc0200000, csr_addr=0xc0200000!
RTMPInitPCIeDevice():device_id=0x7915
mt7915_init()-->
Use the default iPAiLNA bin image!
<--mt7915_init()
get_wdev_by_idx: invalid idx(0)
get_wdev_by_idx: invalid idx(0)
get_wdev_by_idx: invalid idx(0)
get_wdev_by_idx: invalid idx(0)
Rx[0] Ring: total 24576 bytes allocated
Rx[1] Ring: total 24576 bytes allocated
Rx[2] Ring: total 8192 bytes allocated
Rx[3] Ring: total 16384 bytes allocated
Rx[4] Ring: total 8192 bytes allocated
<-- pci_alloc_tx_rx_ring_mem, Status=0
get_wdev_by_idx: invalid idx(0)
get_wdev_by_idx: invalid idx(0)
get_wdev_by_idx: invalid idx(0)
diag_ctrl_alloc pAd:c0301000
USB driver version: 7528.3.20190226
7528 USB PHY config, enable port0 port1
port 0 u2_slew_rate_cal_7528
FM_OUT value = 128(0x00000080)
SR calibration value = 4
port 1 u2_slew_rate_cal_7528
FM_OUT value = 129(0x00000081)
SR calibration value = 4
xhci-hcd xhci-hcd.0: xHCI Host Controller
xhci-hcd xhci-hcd.0: new USB bus registered, assigned bus number 1
xhci-hcd xhci-hcd.0: irq 10, io mem 0x1fb90000
hub 1-0:1.0: USB hub found
hub 1-0:1.0: 2 ports detected
xhci-hcd xhci-hcd.0: xHCI Host Controller
xhci-hcd xhci-hcd.0: new USB bus registered, assigned bus number 2
hub 2-0:1.0: USB hub found
hub 2-0:1.0: 1 port detected
usbcore: registered new interface driver cdc_acm
cdc_acm: USB Abstract Control Model driver for USB modems and ISDN adapters
usbcore: registered new interface driver usblp
usbcore: registered new interface driver usbserial
usbcore: registered new interface driver usbserial_generic
usbserial: USB Serial support registered for generic
usbcore: registered new interface driver cypress_m8
usbserial: USB Serial support registered for DeLorme Earthmate USB
usbserial: USB Serial support registered for HID->COM RS232 Adapter
usbserial: USB Serial support registered for Nokia CA-42 V2 Adapter
usbcore: registered new interface driver ftdi_sio
usbserial: USB Serial support registered for FTDI USB Serial Device
hidraw: raw HID events driver (C) Jiri Kosina
usbcore: registered new interface driver usbhid
usbhid: USB HID core driver

ecnt_rps_napi_init===
init fh_netlink module
Netfilter messages via NETLINK v0.30.
nf_conntrack version 0.5.0 (3549 buckets, 14196 max)
ctnetlink v0.93: registering with nfnetlink.
nf_conntrack_rtsp v0.7 loading
nf_nat_rtsp v0.7 loading
nf_tables: (c) 2007-2009 Patrick McHardy <kaber@trash.net>
nf_tables_compat: (c) 2012 Pablo Neira Ayuso <pablo@netfilter.org>
xt_time: kernel timezone is -0000
ip_set: protocol 6
ip_tables: (C) 2000-2006 Netfilter Core Team
ipt_CLUSTERIP: ClusterIP Version 0.8 loaded successfully
TCP: cubic registered
NET: Registered protocol family 10
ip6_tables: (C) 2000-2006 Netfilter Core Team
sit: IPv6 over IPv4 tunneling driver
NET: Registered protocol family 17
bridge: automatic filtering via arp/ip/ip6tables has been deprecated. Update your scripts to load br_netfilter if you need this.
Bridge firewalling registered
Ebtables v2.0 registered
l2tp_core: L2TP core driver, V2.0
l2tp_ppp: PPPoL2TP kernel driver, V2.0
8021q: 802.1Q VLAN Support v1.8
init fh_wifimgr_netlink module
UBI: attaching mtd1 to ubi0
UBI: scanning is finished
UBI warning: print_rsvd_warning: cannot reserve enough PEBs for bad PEB handling, reserved 31, need 39
UBI: attached mtd1 (name "KernelA", size 40 MiB) to ubi0
UBI: PEB size: 131072 bytes (128 KiB), LEB size: 126976 bytes
UBI: min./max. I/O unit sizes: 2048/2048, sub-page size 2048
UBI: VID header offset: 2048 (aligned 2048), data offset: 4096
UBI: good PEBs: 320, bad PEBs: 0, corrupted PEBs: 0
UBI: user volume: 5, internal volumes: 1, max. volumes count: 128
UBI: max/mean erase counter: 1/0, WL threshold: 4096, image sequence number: 1515388460
UBI: available PEBs: 0, total reserved PEBs: 320, PEBs reserved for bad PEB handling: 31
UBI: background thread "ubi_bgt0d" started, PID 45
UBI: attaching mtd2 to ubi1
UBI: scanning is finished
UBI warning: print_rsvd_warning: cannot reserve enough PEBs for bad PEB handling, reserved 31, need 39
UBI: attached mtd2 (name "KernelB", size 40 MiB) to ubi1
UBI: PEB size: 131072 bytes (128 KiB), LEB size: 126976 bytes
UBI: min./max. I/O unit sizes: 2048/2048, sub-page size 2048
UBI: VID header offset: 2048 (aligned 2048), data offset: 4096
UBI: good PEBs: 320, bad PEBs: 0, corrupted PEBs: 0
UBI: user volume: 5, internal volumes: 1, max. volumes count: 128
UBI: max/mean erase counter: 1/0, WL threshold: 4096, image sequence number: 1515388460
UBI: available PEBs: 0, total reserved PEBs: 320, PEBs reserved for bad PEB handling: 31
UBI: background thread "ubi_bgt1d" started, PID 56
tc3162ser_startup 
 do_mount_root parm: name=/dev/root, fs=squashfs.
rootfs mount from 0, fs=squashfs.
rootfs trying mount /dev/mtdblock5.
VFS: Mounted root (squashfs filesystem) readonly on device 31:5.
Freeing unused kernel memory: 204K (80ead000 - 80ee0000)
busybox init and set aff
init started: BusyBox v1.26.2 (2021-11-10 23:51:24 CST)
chmod: /userfs/profile.cfg: Read-only file system
module_sel: module license 'unspecified' taints kernel.
Disabling lock debugging due to kernel taint
TC3162 LED Manager 0.1 init

tcledctrl version: tcledctrl V1.1.0.0 (Nov 10 2021-23:48:31).
led path:/etc/led.conf
--> Error opening 
tccicmd V1.1.0.0 (Nov 10 2021-23:48:43)
ERROR!Create /etc/fwTCver.conf fail!
insmod ETH_LAN driver
cpu:1, nbq:1
cpu:1, nbq:1
cpu:1, nbq:1
cpu:1, nbq:1
cpu:1, nbq:1
cpu:1, nbq:1
cpu:1, nbq:1
cpu:1, nbq:1
cpu:1, nbq:1
cpu:1, nbq:1
cpu:1, nbq:1
cpu:1, nbq:1
cpu:1, nbq:1
cpu:1, nbq:1
cpu:1, nbq:1
cpu:1, nbq:1
cpu:1, nbq:1
cpu:1, nbq:1
cpu:1, nbq:1
macType = 0
tso_proc_init.
netif_napi_add() called with weight 256 on device lan_int2_if
ether.c:v1.00-NAPI 29.Mar.2015
eth: FE MAC Ethernet address: 00:AA:BB:01:23:40
Use Internal switch ,type 10
tcPhyVerLookUp 2437 9491 
 7528 Ge, 
 [tcPhyInit] in  [tcPhyInit] out , r31 = (9, 0x0) 
 7528 GbE eco_rev (0x1) &0xff(0x1)
 GE Rxet cal (1)(1)(1)(0x1f)  
 GE Rxet cal (2)(1)(1)(0x1e)  
  GE Rext AnaCal Done! (3)(0x1d)  
  GE Rext AnaCal Done! (3)(0x1d)  
  GE R45 zcal_idx (30) (0x1e) 
  GE R45 AnaCal Done! (2) (0x2e)(0xae) 
  GE R45 zcal_idx (30) (0x1e) 
  GE R45 AnaCal Done! (2) (0x2e)(0xae) 
  GE R45 zcal_idx (29) (0x1d) 
  GE R45 AnaCal Done! (3) (0x2f)(0xaf) 
  GE R45 zcal_idx (30) (0x1e) 
  GE R45 AnaCal Done! (2) (0x2e)(0xae) 
 GE Tx offset AnaCal Done! (5)(0x25)  
 GE Tx offset AnaCal Done! (2)(0x2)  
 GE Tx offset AnaCal Done! (1)(0x1)  
 GE Tx offset AnaCal Done! (3)(0x23)  
 GE Tx amp AnaCal Done! (15) (0x11)
 GE Tx amp AnaCal Done! (15) (0x11)
 GE Tx amp AnaCal Done! (7) (0x19)
 GE Tx amp AnaCal Done! (9) (0x17)
tcPhyVerLookUp 2437 9491 
 7528 Ge, 
 [tcPhyInit] in  [tcPhyInit] out , r31 = (10, 0x0) 
 7528 GbE eco_rev (0x1) &0xff(0x1)
  GE R45 zcal_idx (30) (0x1e) 
  GE R45 AnaCal Done! (2) (0x2e)(0xae) 
  GE R45 zcal_idx (29) (0x1d) 
  GE R45 AnaCal Done! (3) (0x2f)(0xaf) 
  GE R45 zcal_idx (29) (0x1d) 
  GE R45 AnaCal Done! (3) (0x2f)(0xaf) 
  GE R45 zcal_idx (30) (0x1e) 
  GE R45 AnaCal Done! (2) (0x2e)(0xae) 
 GE Tx offset AnaCal Done! (3)(0x23)  
 GE Tx offset AnaCal Done! (1)(0x21)  
 GE Tx offset AnaCal Done! (1)(0x1)  
 GE Tx offset AnaCal Done! (6)(0x26)  
 GE Tx amp AnaCal Done! (18) (0xe)
 GE Tx amp AnaCal Done! (17) (0xf)
 GE Tx amp AnaCal Done! (14) (0x12)
 GE Tx amp AnaCal Done! (14) (0x12)
tcPhyVerLookUp 2437 9491 
 7528 Ge, 
 [tcPhyInit] in  [tcPhyInit] out , r31 = (11, 0x0) 
 7528 GbE eco_rev (0x1) &0xff(0x1)
  GE R45 zcal_idx (30) (0x1e) 
  GE R45 AnaCal Done! (2) (0x2e)(0xae) 
  GE R45 zcal_idx (30) (0x1e) 
  GE R45 AnaCal Done! (2) (0x2e)(0xae) 
  GE R45 zcal_idx (29) (0x1d) 
  GE R45 AnaCal Done! (3) (0x2f)(0xaf) 
  GE R45 zcal_idx (30) (0x1e) 
  GE R45 AnaCal Done! (2) (0x2e)(0xae) 
 GE Tx offset AnaCal Done! (6)(0x26)  
 GE Tx offset AnaCal Done! (2)(0x22)  
 GE Tx offset AnaCal Done! (3)(0x3)  
 GE Tx offset AnaCal Done! (1)(0x1)  
 GE Tx amp AnaCal Done! (10) (0x16)
 GE Tx amp AnaCal Done! (11) (0x15)
 GE Tx amp AnaCal Done! (11) (0x15)
 GE Tx amp AnaCal Done! (12) (0x14)
tcPhyVerLookUp 2437 9491 
 7528 Ge, 
 [tcPhyInit] in  [tcPhyInit] out , r31 = (12, 0x0) 
 7528 GbE eco_rev (0x1) &0xff(0x1)
  GE R45 zcal_idx (30) (0x1e) 
  GE R45 AnaCal Done! (2) (0x2e)(0xae) 
  GE R45 zcal_idx (30) (0x1e) 
  GE R45 AnaCal Done! (2) (0x2e)(0xae) 
  GE R45 zcal_idx (30) (0x1e) 
  GE R45 AnaCal Done! (2) (0x2e)(0xae) 
  GE R45 zcal_idx (30) (0x1e) 
  GE R45 AnaCal Done! (2) (0x2e)(0xae) 
 GE Tx offset AnaCal Done! (1)(0x21)  
 GE Tx offset AnaCal Done! (1)(0x21)  
 GE Tx offset AnaCal Done! (3)(0x3)  
 GE Tx offset AnaCal Done! (1)(0x21)  
 GE Tx amp AnaCal Done! (22) (0xa)
 GE Tx amp AnaCal Done! (11) (0x15)
 GE Tx amp AnaCal Done! (15) (0x11)
 GE Tx amp AnaCal Done! (20) (0xc)
Exec. Successful
Exec. Successful
Exec. Successful
Exec. Successful
Exec. Successful
Exec. Successful
Exec. Successful
Exec. Successful
Exec. Successful
Exec. Successful
Exec. Successful
Exec. Successful
Exec. Successful
Exec. Successful
Exec. Successful
Exec. Successful
Exec. Successful
vtag_drv_init

tc_multiwan version: tcsmux V1.1.0.0 (Oct 22 2021-15:24:33).
=======insmod qdma_wan.ko for TCSUPPORT_QDMA_WAN_FOR_ETHER========
macType = 0
tso_proc_init.

soft_ratelimit_init
Ralink HW NAT Module Enabled
HWNAT Module enabled with Type:L2B/IPv4/IPv6/DS-LITE/6RD, foeSize:80B, foeNum:8192
IP check use Black List
fe resource init start
eth: starting interface.
netif_start_queue
mtk xpon multicast BSP
mtk xpon multcast init
lan_tagmark enable=1
Init VoIP
0===errno:0
 errmessage:Success
1===errno:0
 errmessage:Success
2==errno:0
 errmessage:Success
0===errno:0
 errmessage:Success
1===errno:0
 errmessage:Success
2==errno:0
 errmessage:Success
0===errno:0
 errmessage:Success
1===errno:0
 errmessage:Success
2==errno:0
 errmessage:Success
0===errno:0
 errmessage:Success
1===errno:0
 errmessage:Success
2==errno:0
 errmessage:Success
0===errno:0
 errmessage:Success
1===errno:0
 errmessage:Success
2==errno:tx_detect_flag = 0
0
 errmessage:Success
0===errno:0
 errx_detect_flag = 0
rmessage:Success
1===errno:0
 errmessage:Success
2==errno:0
 errmessage:Success
TCSUPPORT_WLAN_SW_RPS
insmod: can't read '/lib/modules/sw_rps_for_wifi.ko': No such file or directory
7915 sw rps
done
Exec. Successful
UBI: attaching mtd3 to ubi2
UBI: scanning is finished
UBI warning: print_rsvd_warning: cannot reserve enough PEBs for bad PEB handling, reserved 35, need 39
UBI: attached mtd3 (name "config", size 35 MiB) to ubi2
UBI: PEB size: 131072 bytes (128 KiB), LEB size: 126976 bytes
UBI: min./max. I/O unit sizes: 2048/2048, sub-page size 2048
UBI: VID header offset: 2048 (aligned 2048), data offset: 4096
UBI: good PEBs: 280, bad PEBs: 0, corrupted PEBs: 0
UBI: user volume: 3, internal volumes: 1, max. volumes count: 128
UBI: max/mean erase counter: 50/35, WL threshold: 4096, image sequence number: 1314609365
UBI: available PEBs: 0, total reserved PEBs: 280, PEBs reserved for bad PEB handling: 35
UBI: background thread "ubi_bgt2d" started, PID 142
UBI device number 2, total 280 LEBs (35553280 bytes, 33.9 MiB), available 0 LEBs (0 bytes), LEB size 126976 bytes (124.0 KiB)
UBIFS: mounted UBI device 2, volume 1, name "factory", R/O mode
UBIFS: LEB size: 126976 bytes (124 KiB), min./max. I/O unit sizes: 2048 bytes/2048 bytes
UBIFS: FS size: 1904640 bytes (1 MiB, 15 LEBs), journal size 1396736 bytes (1 MiB, 11 LEBs)
UBIFS: reserved for root: 0 bytes (0 KiB)
UBIFS: media format: w4/r0 (latest is w4/r0), UUID 17CB4FA8-0282-44DF-BEDF-63AE46538A79, small LPT model
UBIFS: background thread "ubifs_bgt2_0" started, PID 151
UBIFS: recovery needed
UBIFS: recovery completed
UBIFS: mounted UBI device 2, volume 0, name "userdata"
UBIFS: LEB size: 126976 bytes (124 KiB), min./max. I/O unit sizes: 2048 bytes/2048 bytes
UBIFS: FS size: 6856704 bytes (6 MiB, 54 LEBs), journal size 1396736 bytes (1 MiB, 11 LEBs)
UBIFS: reserved for root: 0 bytes (0 KiB)
UBIFS: media format: w4/r0 (latest is w4/r0), UUID 51CADA8A-8D49-4908-8A7B-60795C14F3C4, small LPT model
Mounting filesystems...
UBI: ubiblock0_2 created from ubi0:2(ubi_fhapp)
random: nonblocking pool is initialized
>>>>>>>>>>>>mount app as squashfs partition 0 >>>>>>>>>>>>>>>>
Pre_initialization script
proc on /proc type proc (rw,relatime)
ramfs on /tmp type ramfs (rw,relatime)
Populating /dev using udev: udevd (185): /proc/185/oom_adj is deprecated, please use /proc/185/oom_score_adj instead.
done
insmod USB Storage driver
insmod USB Storage driver
SCSI subsystem initialized
insmod: can't read '/lib/modules/usbhost/nls_utf8.ko': No such file or directory
insmod: can't read '/lib/modules/usbhost/nls_cp936.ko': No such file or directory
usbcore: registered new interface driver usb-storage
cp: can't stat '/fhrom/fhconf/log_disable': No such file or directory
fhdrv_kdrv_board Init Done, 11月 11 2021, 00:10:09
get hwcfg is 10001003 
fhdrv_kdrv_board_impl Init Done, 11月 11 2021, 00:09:34
fhdrv_kdrv_board_impl2 Init Done
operator_name is RO_RCSRDS
 lan_quick_start file exist
IPv6: ADDRCONF(NETDEV_UP): br0: link is not ready
netif_stop_queue
eth: starting interface.
netif_start_queue
device eth0 entered promiscuous mode
br0: port 1(eth0) entered forwarding state
br0: port 1(eth0) entered forwarding state
IPv6: ADDRCONF(NETDEV_CHANGE): br0: link becomes ready
device eth1 entered promiscuous mode
br0: port 2(eth1) entered forwarding state
br0: port 2(eth1) entered forwarding state
device eth2 entered promiscuous mode
br0: port 3(eth2) entered forwarding state
br0: port 3(eth2) entered forwarding state
device eth3 entered promiscuous mode
br0: port 4(eth3) entered forwarding state
br0: port 4(eth3) entered forwarding state


insmod: can't read '/lib/modules/usbhost/nls_utf8.ko': No such file or directory
insmod: can't read '/lib/modules/usbhost/nls_cp936.ko': No such file or directory
usbcore: registered new interface driver usb-storage
cp: can't stat '/fhrom/fhconf/log_disable': No such file or directory
fhdrv_kdrv_board Init Done, 11月 11 2021, 00:10:09
get hwcfg is 10001003 
fhdrv_kdrv_board_impl Init Done, 11月 11 2021, 00:09:34
fhdrv_kdrv_board_impl2 Init Done
operator_name is RO_RCSRDS
 lan_quick_start file exist
IPv6: ADDRCONF(NETDEV_UP): br0: link is not ready
netif_stop_queue
eth: starting interface.
netif_start_queue
device eth0 entered promiscuous mode
br0: port 1(eth0) entered forwarding state
br0: port 1(eth0) entered forwarding state
IPv6: ADDRCONF(NETDEV_CHANGE): br0: link becomes ready
device eth1 entered promiscuous mode
br0: port 2(eth1) entered forwarding state
br0: port 2(eth1) entered forwarding state
device eth2 entered promiscuous mode
br0: port 3(eth2) entered forwarding state
br0: port 3(eth2) entered forwarding state
device eth3 entered promiscuous mode
br0: port 4(eth3) entered forwarding state
br0: port 4(eth3) entered forwarding state

